[34064] 2025/09/04 11:52:54.928241 [INF] Starting nats-server
[34064] 2025/09/04 11:52:54.928283 [INF]   Version:  2.11.6
[34064] 2025/09/04 11:52:54.928286 [INF]   Git:      [bc813ee]
[34064] 2025/09/04 11:52:54.928289 [INF]   Name:     NBV5UPBWYYHD5KQSDJWZRA7NXW2HGCOHDUBPZQWCRNJBH2XMT5G4X3TV
[34064] 2025/09/04 11:52:54.928292 [INF]   Node:     pt6ze2E5
[34064] 2025/09/04 11:52:54.928294 [INF]   ID:       NBV5UPBWYYHD5KQSDJWZRA7NXW2HGCOHDUBPZQWCRNJBH2XMT5G4X3TV
[34064] 2025/09/04 11:52:54.928449 [INF] Starting JetStream
[34064] 2025/09/04 11:52:54.928540 [INF]     _ ___ _____ ___ _____ ___ ___   _   __  __
[34064] 2025/09/04 11:52:54.928543 [INF]  _ | | __|_   _/ __|_   _| _ \ __| /_\ |  \/  |
[34064] 2025/09/04 11:52:54.928545 [INF] | || | _|  | | \__ \ | | |   / _| / _ \| |\/| |
[34064] 2025/09/04 11:52:54.928546 [INF]  \__/|___| |_| |___/ |_| |_|_\___/_/ \_\_|  |_|
[34064] 2025/09/04 11:52:54.928547 [INF] 
[34064] 2025/09/04 11:52:54.928549 [INF]          https://docs.nats.io/jetstream
[34064] 2025/09/04 11:52:54.928550 [INF] 
[34064] 2025/09/04 11:52:54.928551 [INF] ---------------- JETSTREAM ----------------
[34064] 2025/09/04 11:52:54.928554 [INF]   Max Memory:      44.06 GB
[34064] 2025/09/04 11:52:54.928555 [INF]   Max Storage:     21.29 GB
[34064] 2025/09/04 11:52:54.928557 [INF]   Store Directory: "data/nats/jetstream"
[34064] 2025/09/04 11:52:54.928558 [INF]   API Level:       1
[34064] 2025/09/04 11:52:54.928560 [INF] -------------------------------------------
[34064] 2025/09/04 11:52:54.928855 [INF]   Starting restore for stream '$G > AGENTS'
[34064] 2025/09/04 11:52:54.929056 [INF]   Restored 0 messages for stream '$G > AGENTS' in 0s
[34064] 2025/09/04 11:52:54.929135 [INF]   Starting restore for stream '$G > TASKS'
[34064] 2025/09/04 11:52:54.929260 [INF]   Restored 0 messages for stream '$G > TASKS' in 0s
[34064] 2025/09/04 11:52:54.929318 [INF]   Starting restore for stream '$G > VECTORS'
[34064] 2025/09/04 11:52:54.929464 [INF]   Restored 0 messages for stream '$G > VECTORS' in 0s
[34064] 2025/09/04 11:52:54.929696 [INF] Listening for client connections on 0.0.0.0:4222
[34064] 2025/09/04 11:52:54.929892 [INF] Server is ready
